================================================================================
Resume: resume1.pdf
====================Resume: resume1.pdf====================
Parse Time: 0.31 seconds
Completeness
------------
Y Name
Y Contact
Y Education
N Experience
Y Projects
Y Skills
Y Certifications
N Activities

Parsed JSON
-----------
{
    "name": "HEMA MADHURI MAMIDI",
    "contact": {
        "email": "hemamadhuri0101@gmail.com",
        "phone": "+91 7330890749",
        "linkedin": null,
        "github": null,
        "portfolio": null
    },
    "education": {
        "degree": "B.Tech",
        "branch": "Artificial Intelligence and Data Science",
        "college": null,
        "cgpa": "9.63",
        "graduation_year": "2028"
    },
    "projects": [
        {
            "title": "React, Django, Web Speech API",
            "technologies": [
                "input",
                "enabling job discovery",
                "onboarding",
                "and full navigation by voice in Telugu."
            ],
            "description": [
                "Leading system design, sprint planning, and task distribution for a voice-first employment platform empowering low-literacy",
                "workers through accessible technology.",
                "ArchitectingNiyo,anAIvoiceassistant(WebSpeechAPI)withdynamicintentmatchingandfallbackhandlingforunrecognized",
                "Designingadual-rolesystem(Worker/Contractor)withvoice-guidedprofiles,category-basedjobfiltering,SOSemergencyalerts,",
                "and a multilingual contractor dashboard.",
                "Implementing role-based access control, voice command routing, and progressive onboarding to maximise accessibility for nontechnical users."
            ]
        },
        {
            "title": "Wallet Watch — Expense Tracker (Deployed) Live Demo | GitHub",
            "technologies": [],
            "description": []
        },
        {
            "title": "HTML, CSS, Bootstrap, Python, Django, Chart.js | Render",
            "technologies": [],
            "description": [
                "Developed a full-stack expense management application with secure user authentication, category-wise CRUD operations, and",
                "multi-user data isolation using Django’s ORM and session management.",
                "Built dynamic analytics dashboards with Chart.js visualising pie charts, monthly spending trends, and top expense categories;",
                "deployed on Render with CI-friendly GitHub integration."
            ]
        },
        {
            "title": "YouTube Study Mode — Chrome Extension GitHub",
            "technologies": [],
            "description": []
        },
        {
            "title": "HTML, JavaScript, Chrome Extensions API",
            "technologies": [],
            "description": [
                "Built a productivity-focused Chrome extension that eliminates YouTube distractions by hiding Shorts, video recommendations,",
                "and autoplay via content scripts and DOM manipulation using Chrome Extension APIs.",
                "Implementedapopup-basedtoggleUIwithpersistentstatemanagementviaChromeStorageAPI,ensuringStudyModepreference is maintained seamlessly across browser sessions and page reloads."
            ]
        }
    ],
    "experience": [],
    "skills": [
        "Languages Python",
        "C",
        "Java",
        "DSA & OOP Arrays",
        "Linked Lists",
        "Trees",
        "Graphs",
        "DP",
        "Recursion",
        "Sorting",
        "Searching",
        "OOP design principles",
        "Web Development HTML5",
        "CSS3",
        "Bootstrap",
        "Django (REST APIs",
        "Authentication",
        "ORM)",
        "AI",
        "ML TensorFlow",
        "Keras",
        "Transfer Learning",
        "EfficientNetB0",
        "NumPy",
        "Pandas",
        "Matplotlib",
        "Databases MySQL",
        "SQLite",
        "Developer Tools Git",
        "GitHub",
        "VS Code",
        "PyCharm",
        "Anaconda",
        "Google Colab"
    ],
    "certifications": [
        "NPTEL — Data Structures and Algorithms using Python | Silver Medal, Top 5% 2025",
        "NPTEL — Problem Solving Through Programming in C 2025",
        "NPTEL — Cloud Computing 2025",
        "ACTIVITIES & COMPETITIONS Google Solution Challenge 2026 – Global competition for UN SDG-aligned solutions.",
        "TechNova Hackathon (12 hr, ANITS College) — Built frontend for a disaster-response app concept with AI-based image verification to flag fake reports. SuShacks Hackathon (24 hr, Vignan’s IIT) — Built frontend for a hospitality emergency alert system routing incidents to nearby staff instead of reception desk via a live dashboard. Practising DSA on LeetCode & HackerRank; exploring predictive modelling and data visualisation with NumPy, Pandas, Matplotlib."
    ],
    "activities": []
}
================================================================================
Resume: resume2.pdf
====================Resume: resume2.pdf====================
Parse Time: 0.10 seconds
Completeness
------------
Y Name
Y Contact
Y Education
Y Experience
N Projects
N Skills
N Certifications
N Activities

Parsed JSON
-----------
{
    "name": "John W. Smith",
    "contact": {
        "email": "jwsmith@colostate.edu",
        "phone": null,
        "linkedin": null,
        "github": null,
        "portfolio": null
    },
    "education": {
        "degree": null,
        "branch": null,
        "college": "University",
        "cgpa": "4.0",
        "graduation_year": null
    },
    "projects": [],
    "experience": [
        {
            "title": "1997-1999 Client Specialist, Rainbow Special Care Center, Little Rock, Arkansas",
            "company": "",
            "organization": "",
            "duration": "",
            "technologies": [],
            "description": []
        },
        {
            "title": "1996-1997 Teacher’s Assistant, Cowell Elementary, Conway, Arkansas",
            "company": "",
            "organization": "",
            "duration": "",
            "technologies": [],
            "description": []
        }
    ],
    "skills": [],
    "certifications": [],
    "activities": []
}
================================================================================
Resume: resume3.pdf
====================Resume: resume3.pdf====================
Parse Time: 0.59 seconds
Completeness
------------
N Name
Y Contact
Y Education
Y Experience
N Projects
Y Skills
N Certifications
N Activities

Parsed JSON
-----------
{
    "name": null,
    "contact": {
        "email": "haydensmith@email.com",
        "phone": null,
        "linkedin": null,
        "github": null,
        "portfolio": null
    },
    "education": {
        "degree": null,
        "branch": null,
        "college": "College",
        "cgpa": null,
        "graduation_year": null
    },
    "projects": [],
    "experience": [
        {
            "title": "Leadership Roles",
            "company": "",
            "organization": "",
            "duration": "2016 – current",
            "technologies": [],
            "description": [
                "Soccer umpire for under 14 team Park Hill Soccer Club",
                "Assistant Coach for junior players Park Hill Soccer Club"
            ]
        },
        {
            "title": "(Tip: Include any volunteering, community participation or leaderships roles.)",
            "company": "",
            "organization": "",
            "duration": "",
            "technologies": [],
            "description": []
        },
        {
            "title": "Interests/Hobbies",
            "company": "proactive or positive traits.)",
            "organization": "proactive or positive traits.)",
            "duration": "",
            "technologies": [],
            "description": [
                "Played soccer since the age of eight.",
                "Keen spectator of soccer, football and cricket.",
                "(Tip: Including a section on interests can be useful if it’s relevant and active. Only include those",
                "interests which are relevant to the job you are applying for or those which demonstrate your"
            ]
        },
        {
            "title": "Coach Year 11 Coordinator",
            "company": "Hill Park Soccer Club Hill Park Secondary College",
            "organization": "Hill Park Soccer Club Hill Park Secondary College",
            "duration": "",
            "technologies": [],
            "description": []
        },
        {
            "title": "0456 789 101 *Contact details available on request",
            "company": "",
            "organization": "",
            "duration": "",
            "technologies": [],
            "description": []
        },
        {
            "title": "John_charles@hillpark.edu",
            "company": "also simply write ‘Available on request’.)",
            "organization": "also simply write ‘Available on request’.)",
            "duration": "(Tip: If you decide to include referee contacts, notify the referee and indicate the type of roles that",
            "technologies": [],
            "description": [
                "you will be applying for. You may also want to provide them with a copy of your resume. You can"
            ]
        }
    ],
    "skills": [
        "Customer service ability demonstrated when working efficiently in soccer club canteen.",
        "Numeracy skills for cash handling tasks proven by achieving good results for mathematics",
        "subjects.",
        "Highly developed communication skills shown by receiving positive feedback from",
        "supervisors after completing work experience.",
        "Strong ability to work as part of a team developed through participating in soccer since the",
        "age of eight.",
        "Demonstrated organisation skills as a result handing all assignments in on time.",
        "Able to take responsibility and solve problems proven through umpiring and coaching.",
        "(Tip: Include 5-9 key skills as bullet points that you like using and that are relevant to the role. When",
        "applying for advertised roles",
        "match to any criteria listed in the advertisement. Use action words such",
        "as ‘demonstrated’ or ‘highly developed’ and then provide information about when",
        "where and how",
        "you’ve used the skill through your studies",
        "work experience",
        "volunteering",
        "sporting activities",
        "etc.)"
    ],
    "certifications": [],
    "activities": []
}
================================================================================
Resume: resume4.pdf
====================Resume: resume4.pdf====================
Parse Time: 0.21 seconds
Completeness
------------
N Name
Y Contact
Y Education
N Experience
Y Projects
N Skills
Y Certifications
N Activities

Parsed JSON
-----------
{
    "name": null,
    "contact": {
        "email": "vasavikota53@gmail.com",
        "phone": null,
        "linkedin": null,
        "github": "https://github.com/vasavikota53",
        "portfolio": null
    },
    "education": {
        "degree": "SSC",
        "branch": "Information Technology",
        "college": "College",
        "cgpa": "9.1",
        "graduation_year": "2028"
    },
    "projects": [
        {
            "title": "Student Performance Analysis",
            "technologies": [
                "Used Python libraries such as NumPy",
                "Pandas",
                "and Matplotlib for data processing",
                "analysis"
            ],
            "description": [
                "Analyzed student academic data to understand performance patterns and trends.",
                "and visualization."
            ]
        },
        {
            "title": "Mini Web Game (HTML, CSS, JavaScript)",
            "technologies": [
                "Implemented a start page and navigation between pages using HTML",
                "CSS",
                "and JavaScript."
            ],
            "description": [
                "Developed a simple interactive web-based game with multiple pages."
            ]
        },
        {
            "title": "Participations",
            "technologies": [],
            "description": []
        },
        {
            "title": "Hackathon Participant – Anil Neerukonda Institute of Technology and Sciences (ANITS)",
            "technologies": [],
            "description": []
        },
        {
            "title": "Participated in a hackathon focused on developing solutions for disaster management",
            "technologies": [],
            "description": []
        }
    ],
    "experience": [],
    "skills": [],
    "certifications": [
        "Programming in C – NPTEL Introduction to Data Science – NPTEL C Programming Certification – Cisco"
    ],
    "activities": []
}
================================================================================
Resume: resume5.pdf
====================Resume: resume5.pdf====================
Parse Time: 0.19 seconds
Completeness
------------
Y Name
Y Contact
Y Education
N Experience
Y Projects
Y Skills
N Certifications
N Activities

Parsed JSON
-----------
{
    "name": "Jahnavi Nammi",
    "contact": {
        "email": "njahnavi21006@gmail.com",
        "phone": "9030436909",
        "linkedin": "linkedin.com/in/jahnavi-nammi/",
        "github": "github.com/Nammi-Jahnavi",
        "portfolio": null
    },
    "education": {
        "degree": "Bachelor of Technology",
        "branch": "Information Technology",
        "college": null,
        "cgpa": "9.46",
        "graduation_year": "2028"
    },
    "projects": [
        {
            "title": "SkillBridge AI – AI-Based Career Trend Recommendation System",
            "technologies": [],
            "description": [
                "Developed an AI-based platform that analyzes users’ current domains and maps them with emerging industry",
                "trends and future opportunities.",
                "Focused on identifying high-growth career domains with long-term scope through trend-based analysis and",
                "intelligent recommendations.",
                "Contributed to research, feature ideation, and workflow planning for career guidance and future-oriented",
                "decision making."
            ]
        },
        {
            "title": "DreamAI – Future Career Vision Generator (Ongoing)",
            "technologies": [
                "steps",
                "combining career visualization",
                "motivation",
                "and AI-based planning."
            ],
            "description": [
                "Developing an AI-based system that generates a personalized video of the user’s future career journey,",
                "including their own image and realistic milestones to motivate them.",
                "Creates a roadmap showing skills and steps required to achieve the career, with a progress tracker to help",
                "users stay on track.",
                "Provides guidance based on the user’s skills and interests to suggest suitable career paths and actionable"
            ]
        }
    ],
    "experience": [],
    "skills": [
        "Programming Languages: Python",
        "Java",
        "C",
        "Libraries: NumPy",
        "Pandas",
        "Matplotlib",
        "Databases: MySQL",
        "Tools & Platforms: Jupyter Notebook",
        "VS Code",
        "GitHub",
        "Web Development: HTML",
        "CSS",
        "Concepts: Machine Learning",
        "Artificial Intelligence",
        "Data Structures",
        "Achievements",
        "Activities",
        "Secured a position among the Top 4 students in the branch during 1st and 3rd semesters.",
        "Participated in a college-level hackathon and collaborated with a team to develop innovative technology-based",
        "solutions.",
        "Interests",
        "Machine Learning",
        "Creative Problem Solving",
        "Exploring Emerging Technologies"
    ],
    "certifications": [],
    "activities": []
}
================================================================================
Resume: resume6.pdf
====================Resume: resume6.pdf====================
Parse Time: 0.13 seconds
Completeness
------------
Y Name
Y Contact
Y Education
N Experience
Y Projects
Y Skills
Y Certifications
N Activities

Parsed JSON
-----------
{
    "name": "ABHIGNA NADUPALLI",
    "contact": {
        "email": "abhignannvss@gmail.com",
        "phone": "+91 6304411307",
        "linkedin": null,
        "github": null,
        "portfolio": null
    },
    "education": {
        "degree": "B.Tech",
        "branch": "Information Technology",
        "college": null,
        "cgpa": "8.65",
        "graduation_year": "2028"
    },
    "projects": [
        {
            "title": "AI Career Portal Web Application Django • Bootstrap • SQLite",
            "technologies": [],
            "description": [
                "Developed a full-stack AI Career Portal using Django, Bootstrap, and SQLite.",
                "Implemented authentication, profile management, CRUD operations, and database integration.",
                "Built responsive UI with search functionality and optimized backend architecture.",
                "GitHub — Live Demo"
            ]
        },
        {
            "title": "Student Management System Django • Python • SQLite",
            "technologies": [],
            "description": [
                "Developed a Student Management System for efficient student record handling.",
                "Implemented add, update, delete, and search functionalities using Django and SQLite.",
                "Designed responsive dashboards and structured backend modules for maintainability.",
                "GitHub — Live Demo"
            ]
        },
        {
            "title": "ADDITIONAL LEARNING",
            "technologies": [],
            "description": [
                "Practicing Data Structures and Algorithms to strengthen problem-solving skills.",
                "Exploring Python libraries such as NumPy, Pandas, and Matplotlib for data analysis."
            ]
        }
    ],
    "experience": [],
    "skills": [
        "Python",
        "Java",
        "C",
        "Web Development: HTML",
        "CSS",
        "Bootstrap",
        "Django",
        "MySQL",
        "SQLite",
        "Developer Tools: Git",
        "GitHub",
        "VS Code",
        "PyCharm",
        "Anaconda",
        "Google Colab",
        "CoreConcepts: DataStructuresandAlgorithms",
        "Object-OrientedProgramming",
        "DBMS",
        "Recursion",
        "Hashing",
        "Linked",
        "Lists",
        "Queues",
        "Sorting",
        "Searching"
    ],
    "certifications": [
        "NPTEL Cloud Computing — Elite Certification — 2025"
    ],
    "activities": []
}

================================================================================
Evaluation Summary
================================================================================
Processed      : 6
Successful     : 6
Failed         : 0
Success Rate   : 100.0%
Average Time   : 0.26 sec
